Archive member included to satisfy reference by file (symbol)

/run/media/tim/Festplatte2/Dokumente/STM32CubeIDE/plugins/com.st.stm32cube.ide.mcu.externaltools.gnu-tools-for-stm32.9-2020-q2-update.linux64_2.0.0.202105311346/tools/bin/../lib/gcc/arm-none-eabi/9.3.1/../../../../arm-none-eabi/lib/thumb/v7e-m+fp/hard/libc_nano.a(lib_a-errno.o)
                              ./Core/Src/syscalls.o (__errno)
/run/media/tim/Festplatte2/Dokumente/STM32CubeIDE/plugins/com.st.stm32cube.ide.mcu.externaltools.gnu-tools-for-stm32.9-2020-q2-update.linux64_2.0.0.202105311346/tools/bin/../lib/gcc/arm-none-eabi/9.3.1/../../../../arm-none-eabi/lib/thumb/v7e-m+fp/hard/libc_nano.a(lib_a-exit.o)
                              /run/media/tim/Festplatte2/Dokumente/STM32CubeIDE/plugins/com.st.stm32cube.ide.mcu.externaltools.gnu-tools-for-stm32.9-2020-q2-update.linux64_2.0.0.202105311346/tools/bin/../lib/gcc/arm-none-eabi/9.3.1/../../../../arm-none-eabi/lib/thumb/v7e-m+fp/hard/crt0.o (exit)
/run/media/tim/Festplatte2/Dokumente/STM32CubeIDE/plugins/com.st.stm32cube.ide.mcu.externaltools.gnu-tools-for-stm32.9-2020-q2-update.linux64_2.0.0.202105311346/tools/bin/../lib/gcc/arm-none-eabi/9.3.1/../../../../arm-none-eabi/lib/thumb/v7e-m+fp/hard/libc_nano.a(lib_a-impure.o)
                              /run/media/tim/Festplatte2/Dokumente/STM32CubeIDE/plugins/com.st.stm32cube.ide.mcu.externaltools.gnu-tools-for-stm32.9-2020-q2-update.linux64_2.0.0.202105311346/tools/bin/../lib/gcc/arm-none-eabi/9.3.1/../../../../arm-none-eabi/lib/thumb/v7e-m+fp/hard/libc_nano.a(lib_a-exit.o) (_global_impure_ptr)
/run/media/tim/Festplatte2/Dokumente/STM32CubeIDE/plugins/com.st.stm32cube.ide.mcu.externaltools.gnu-tools-for-stm32.9-2020-q2-update.linux64_2.0.0.202105311346/tools/bin/../lib/gcc/arm-none-eabi/9.3.1/../../../../arm-none-eabi/lib/thumb/v7e-m+fp/hard/libc_nano.a(lib_a-init.o)
                              /run/media/tim/Festplatte2/Dokumente/STM32CubeIDE/plugins/com.st.stm32cube.ide.mcu.externaltools.gnu-tools-for-stm32.9-2020-q2-update.linux64_2.0.0.202105311346/tools/bin/../lib/gcc/arm-none-eabi/9.3.1/../../../../arm-none-eabi/lib/thumb/v7e-m+fp/hard/crt0.o (__libc_init_array)
/run/media/tim/Festplatte2/Dokumente/STM32CubeIDE/plugins/com.st.stm32cube.ide.mcu.externaltools.gnu-tools-for-stm32.9-2020-q2-update.linux64_2.0.0.202105311346/tools/bin/../lib/gcc/arm-none-eabi/9.3.1/../../../../arm-none-eabi/lib/thumb/v7e-m+fp/hard/libc_nano.a(lib_a-memset.o)
                              /run/media/tim/Festplatte2/Dokumente/STM32CubeIDE/plugins/com.st.stm32cube.ide.mcu.externaltools.gnu-tools-for-stm32.9-2020-q2-update.linux64_2.0.0.202105311346/tools/bin/../lib/gcc/arm-none-eabi/9.3.1/../../../../arm-none-eabi/lib/thumb/v7e-m+fp/hard/crt0.o (memset)
/run/media/tim/Festplatte2/Dokumente/STM32CubeIDE/plugins/com.st.stm32cube.ide.mcu.externaltools.gnu-tools-for-stm32.9-2020-q2-update.linux64_2.0.0.202105311346/tools/bin/../lib/gcc/arm-none-eabi/9.3.1/thumb/v7e-m+fp/hard/libgcc.a(_arm_muldf3.o)
                              ./Core/Src/main.o (__aeabi_dmul)
/run/media/tim/Festplatte2/Dokumente/STM32CubeIDE/plugins/com.st.stm32cube.ide.mcu.externaltools.gnu-tools-for-stm32.9-2020-q2-update.linux64_2.0.0.202105311346/tools/bin/../lib/gcc/arm-none-eabi/9.3.1/thumb/v7e-m+fp/hard/libgcc.a(_arm_addsubdf3.o)
                              ./Core/Src/main.o (__aeabi_dsub)
/run/media/tim/Festplatte2/Dokumente/STM32CubeIDE/plugins/com.st.stm32cube.ide.mcu.externaltools.gnu-tools-for-stm32.9-2020-q2-update.linux64_2.0.0.202105311346/tools/bin/../lib/gcc/arm-none-eabi/9.3.1/thumb/v7e-m+fp/hard/libgcc.a(_arm_muldivdf3.o)
                              ./Core/Src/main.o (__aeabi_ddiv)
/run/media/tim/Festplatte2/Dokumente/STM32CubeIDE/plugins/com.st.stm32cube.ide.mcu.externaltools.gnu-tools-for-stm32.9-2020-q2-update.linux64_2.0.0.202105311346/tools/bin/../lib/gcc/arm-none-eabi/9.3.1/thumb/v7e-m+fp/hard/libgcc.a(_arm_fixdfsi.o)
                              ./Core/Src/main.o (__aeabi_d2iz)
/run/media/tim/Festplatte2/Dokumente/STM32CubeIDE/plugins/com.st.stm32cube.ide.mcu.externaltools.gnu-tools-for-stm32.9-2020-q2-update.linux64_2.0.0.202105311346/tools/bin/../lib/gcc/arm-none-eabi/9.3.1/thumb/v7e-m+fp/hard/libgcc.a(_arm_fixunsdfsi.o)
                              ./Core/Src/main.o (__aeabi_d2uiz)
/run/media/tim/Festplatte2/Dokumente/STM32CubeIDE/plugins/com.st.stm32cube.ide.mcu.externaltools.gnu-tools-for-stm32.9-2020-q2-update.linux64_2.0.0.202105311346/tools/bin/../lib/gcc/arm-none-eabi/9.3.1/thumb/v7e-m+fp/hard/libgcc.a(_arm_truncdfsf2.o)
                              ./Core/Src/main.o (__aeabi_d2f)
/run/media/tim/Festplatte2/Dokumente/STM32CubeIDE/plugins/com.st.stm32cube.ide.mcu.externaltools.gnu-tools-for-stm32.9-2020-q2-update.linux64_2.0.0.202105311346/tools/bin/../lib/gcc/arm-none-eabi/9.3.1/thumb/v7e-m+fp/hard/libgcc.a(_aeabi_uldivmod.o)
                              ./Drivers/STM32H7xx_HAL_Driver/stm32h7xx_hal_uart.o (__aeabi_uldivmod)
[...]
Memory Configuration

Name             Origin             Length             Attributes
FLASH            0x0000000008100000 0x0000000000100000 xr
RAM              0x0000000010000000 0x0000000000048000 xrw
*default*        0x0000000000000000 0xffffffffffffffff

Linker script and memory map

LOAD /run/media/tim/Festplatte2/Dokumente/STM32CubeIDE/plugins/com.st.stm32cube.ide.mcu.externaltools.gnu-tools-for-stm32.9-2020-q2-update.linux64_2.0.0.202105311346/tools/bin/../lib/gcc/arm-none-eabi/9.3.1/thumb/v7e-m+fp/hard/crti.o
LOAD /run/media/tim/Festplatte2/Dokumente/STM32CubeIDE/plugins/com.st.stm32cube.ide.mcu.externaltools.gnu-tools-for-stm32.9-2020-q2-update.linux64_2.0.0.202105311346/tools/bin/../lib/gcc/arm-none-eabi/9.3.1/thumb/v7e-m+fp/hard/crtbegin.o
LOAD /run/media/tim/Festplatte2/Dokumente/STM32CubeIDE/plugins/com.st.stm32cube.ide.mcu.externaltools.gnu-tools-for-stm32.9-2020-q2-update.linux64_2.0.0.202105311346/tools/bin/../lib/gcc/arm-none-eabi/9.3.1/../../../../arm-none-eabi/lib/thumb/v7e-m+fp/hard/crt0.o
LOAD ./Common/Src/system_stm32h7xx_dualcore_boot_cm4_cm7.o
LOAD ./Core/Src/main.o
LOAD ./Core/Src/stm32h7xx_hal_msp.o
LOAD ./Core/Src/stm32h7xx_it.o
LOAD ./Core/Src/syscalls.o
LOAD ./Core/Src/sysmem.o
LOAD ./Core/Startup/startup_stm32h755zitx.o
LOAD ./Drivers/STM32H7xx_HAL_Driver/stm32h7xx_hal.o
LOAD ./Drivers/STM32H7xx_HAL_Driver/stm32h7xx_hal_cortex.o
LOAD ./Drivers/STM32H7xx_HAL_Driver/stm32h7xx_hal_dma.o
LOAD ./Drivers/STM32H7xx_HAL_Driver/stm32h7xx_hal_dma_ex.o
LOAD ./Drivers/STM32H7xx_HAL_Driver/stm32h7xx_hal_eth.o
LOAD ./Drivers/STM32H7xx_HAL_Driver/stm32h7xx_hal_eth_ex.o
LOAD ./Drivers/STM32H7xx_HAL_Driver/stm32h7xx_hal_exti.o
LOAD ./Drivers/STM32H7xx_HAL_Driver/stm32h7xx_hal_flash.o
LOAD ./Drivers/STM32H7xx_HAL_Driver/stm32h7xx_hal_flash_ex.o
LOAD ./Drivers/STM32H7xx_HAL_Driver/stm32h7xx_hal_gpio.o
LOAD ./Drivers/STM32H7xx_HAL_Driver/stm32h7xx_hal_hsem.o
LOAD ./Drivers/STM32H7xx_HAL_Driver/stm32h7xx_hal_i2c.o
LOAD ./Drivers/STM32H7xx_HAL_Driver/stm32h7xx_hal_i2c_ex.o
LOAD ./Drivers/STM32H7xx_HAL_Driver/stm32h7xx_hal_mdma.o
LOAD ./Drivers/STM32H7xx_HAL_Driver/stm32h7xx_hal_pwr.o
LOAD ./Drivers/STM32H7xx_HAL_Driver/stm32h7xx_hal_pwr_ex.o
LOAD ./Drivers/STM32H7xx_HAL_Driver/stm32h7xx_hal_rcc.o
LOAD ./Drivers/STM32H7xx_HAL_Driver/stm32h7xx_hal_rcc_ex.o
LOAD ./Drivers/STM32H7xx_HAL_Driver/stm32h7xx_hal_tim.o
LOAD ./Drivers/STM32H7xx_HAL_Driver/stm32h7xx_hal_tim_ex.o
LOAD ./Drivers/STM32H7xx_HAL_Driver/stm32h7xx_hal_uart.o
LOAD ./Drivers/STM32H7xx_HAL_Driver/stm32h7xx_hal_uart_ex.o
START GROUP
LOAD /run/media/tim/Festplatte2/Dokumente/STM32CubeIDE/plugins/com.st.stm32cube.ide.mcu.externaltools.gnu-tools-for-stm32.9-2020-q2-update.linux64_2.0.0.202105311346/tools/bin/../lib/gcc/arm-none-eabi/9.3.1/../../../../arm-none-eabi/lib/thumb/v7e-m+fp/hard/libc_nano.a
LOAD /run/media/tim/Festplatte2/Dokumente/STM32CubeIDE/plugins/com.st.stm32cube.ide.mcu.externaltools.gnu-tools-for-stm32.9-2020-q2-update.linux64_2.0.0.202105311346/tools/bin/../lib/gcc/arm-none-eabi/9.3.1/../../../../arm-none-eabi/lib/thumb/v7e-m+fp/hard/libm.a
END GROUP
START GROUP
LOAD /run/media/tim/Festplatte2/Dokumente/STM32CubeIDE/plugins/com.st.stm32cube.ide.mcu.externaltools.gnu-tools-for-stm32.9-2020-q2-update.linux64_2.0.0.202105311346/tools/bin/../lib/gcc/arm-none-eabi/9.3.1/thumb/v7e-m+fp/hard/libgcc.a
LOAD /run/media/tim/Festplatte2/Dokumente/STM32CubeIDE/plugins/com.st.stm32cube.ide.mcu.externaltools.gnu-tools-for-stm32.9-2020-q2-update.linux64_2.0.0.202105311346/tools/bin/../lib/gcc/arm-none-eabi/9.3.1/../../../../arm-none-eabi/lib/thumb/v7e-m+fp/hard/libc_nano.a
END GROUP
START GROUP
LOAD /run/media/tim/Festplatte2/Dokumente/STM32CubeIDE/plugins/com.st.stm32cube.ide.mcu.externaltools.gnu-tools-for-stm32.9-2020-q2-update.linux64_2.0.0.202105311346/tools/bin/../lib/gcc/arm-none-eabi/9.3.1/thumb/v7e-m+fp/hard/libgcc.a
LOAD /run/media/tim/Festplatte2/Dokumente/STM32CubeIDE/plugins/com.st.stm32cube.ide.mcu.externaltools.gnu-tools-for-stm32.9-2020-q2-update.linux64_2.0.0.202105311346/tools/bin/../lib/gcc/arm-none-eabi/9.3.1/../../../../arm-none-eabi/lib/thumb/v7e-m+fp/hard/libc_nano.a
LOAD /run/media/tim/Festplatte2/Dokumente/STM32CubeIDE/plugins/com.st.stm32cube.ide.mcu.externaltools.gnu-tools-for-stm32.9-2020-q2-update.linux64_2.0.0.202105311346/tools/bin/../lib/gcc/arm-none-eabi/9.3.1/../../../../arm-none-eabi/lib/thumb/v7e-m+fp/hard/libnosys.a
END GROUP
START GROUP
LOAD /run/media/tim/Festplatte2/Dokumente/STM32CubeIDE/plugins/com.st.stm32cube.ide.mcu.externaltools.gnu-tools-for-stm32.9-2020-q2-update.linux64_2.0.0.202105311346/tools/bin/../lib/gcc/arm-none-eabi/9.3.1/thumb/v7e-m+fp/hard/libgcc.a
LOAD /run/media/tim/Festplatte2/Dokumente/STM32CubeIDE/plugins/com.st.stm32cube.ide.mcu.externaltools.gnu-tools-for-stm32.9-2020-q2-update.linux64_2.0.0.202105311346/tools/bin/../lib/gcc/arm-none-eabi/9.3.1/../../../../arm-none-eabi/lib/thumb/v7e-m+fp/hard/libc_nano.a
LOAD /run/media/tim/Festplatte2/Dokumente/STM32CubeIDE/plugins/com.st.stm32cube.ide.mcu.externaltools.gnu-tools-for-stm32.9-2020-q2-update.linux64_2.0.0.202105311346/tools/bin/../lib/gcc/arm-none-eabi/9.3.1/../../../../arm-none-eabi/lib/thumb/v7e-m+fp/hard/libnosys.a
END GROUP
LOAD /run/media/tim/Festplatte2/Dokumente/STM32CubeIDE/plugins/com.st.stm32cube.ide.mcu.externaltools.gnu-tools-for-stm32.9-2020-q2-update.linux64_2.0.0.202105311346/tools/bin/../lib/gcc/arm-none-eabi/9.3.1/thumb/v7e-m+fp/hard/crtend.o
LOAD /run/media/tim/Festplatte2/Dokumente/STM32CubeIDE/plugins/com.st.stm32cube.ide.mcu.externaltools.gnu-tools-for-stm32.9-2020-q2-update.linux64_2.0.0.202105311346/tools/bin/../lib/gcc/arm-none-eabi/9.3.1/thumb/v7e-m+fp/hard/crtn.o
                0x0000000010048000                _estack = (ORIGIN (RAM) + LENGTH (RAM))
                0x0000000000000200                _Min_Heap_Size = 0x200
                0x0000000000000400                _Min_Stack_Size = 0x400

.isr_vector     0x0000000008100000      0x298
                0x0000000008100000                . = ALIGN (0x4)
 *(.isr_vector)
 .isr_vector    0x0000000008100000      0x298 ./Core/Startup/startup_stm32h755zitx.o
                0x0000000008100000                g_pfnVectors
                0x0000000008100298                . = ALIGN (0x4)

.text           0x0000000008100298     0x50e4
                0x0000000008100298                . = ALIGN (0x4)
 *(.text)
 .text          0x0000000008100298       0x40 /run/media/tim/Festplatte2/Dokumente/STM32CubeIDE/plugins/com.st.stm32cube.ide.mcu.externaltools.gnu-tools-for-stm32.9-2020-q2-update.linux64_2.0.0.202105311346/tools/bin/../lib/gcc/arm-none-eabi/9.3.1/thumb/v7e-m+fp/hard/crtbegin.o
 *(.text*)
 .text.SystemInit
                0x00000000081002d8       0x38 ./Common/Src/system_stm32h7xx_dualcore_boot_cm4_cm7.o
                0x00000000081002d8                SystemInit
 .text.HAL_TIM_PWM_PulseFinishedCallback
                0x0000000008100310       0x28 ./Core/Src/main.o
                0x0000000008100310                HAL_TIM_PWM_PulseFinishedCallback
 .text.Set_LED  0x0000000008100338       0x5c ./Core/Src/main.o
                0x0000000008100338                Set_LED
 .text.WS2812_Send
                0x0000000008100394       0xdc ./Core/Src/main.o
                0x0000000008100394                WS2812_Send
 .text.main     0x0000000008100470       0xac ./Core/Src/main.o
                0x0000000008100470                main
 .text.MX_TIM1_Init
                0x000000000810051c      0x158 ./Core/Src/main.o
 .text.MX_DMA_Init
                0x0000000008100674       0x40 ./Core/Src/main.o
 .text.MX_GPIO_Init
                0x00000000081006b4       0x68 ./Core/Src/main.o
 .text.Error_Handler
                0x000000000810071c        0xa ./Core/Src/main.o
                0x000000000810071c                Error_Handler
 *fill*         0x0000000008100726        0x2 
 .text.HAL_MspInit
                0x0000000008100728       0x34 ./Core/Src/stm32h7xx_hal_msp.o
                0x0000000008100728                HAL_MspInit
 .text.HAL_TIM_Base_MspInit
                0x000000000810075c       0xa8 ./Core/Src/stm32h7xx_hal_msp.o
                0x000000000810075c                HAL_TIM_Base_MspInit
 .text.HAL_TIM_MspPostInit
                0x0000000008100804       0x78 ./Core/Src/stm32h7xx_hal_msp.o
                0x0000000008100804                HAL_TIM_MspPostInit
 .text.NMI_Handler
                0x000000000810087c        0x6 ./Core/Src/stm32h7xx_it.o
                0x000000000810087c                NMI_Handler
 .text.HardFault_Handler
                0x0000000008100882        0x6 ./Core/Src/stm32h7xx_it.o
                0x0000000008100882                HardFault_Handler
 .text.MemManage_Handler
                0x0000000008100888        0x6 ./Core/Src/stm32h7xx_it.o
                0x0000000008100888                MemManage_Handler
 .text.BusFault_Handler
                0x000000000810088e        0x6 ./Core/Src/stm32h7xx_it.o
                0x000000000810088e                BusFault_Handler
 .text.UsageFault_Handler
                0x0000000008100894        0x6 ./Core/Src/stm32h7xx_it.o
                0x0000000008100894                UsageFault_Handler
 .text.SVC_Handler
                0x000000000810089a        0xe ./Core/Src/stm32h7xx_it.o
                0x000000000810089a                SVC_Handler
 .text.DebugMon_Handler
                0x00000000081008a8        0xe ./Core/Src/stm32h7xx_it.o
                0x00000000081008a8                DebugMon_Handler
 .text.PendSV_Handler
                0x00000000081008b6        0xe ./Core/Src/stm32h7xx_it.o
                0x00000000081008b6                PendSV_Handler
 .text.SysTick_Handler
                0x00000000081008c4        0xc ./Core/Src/stm32h7xx_it.o
                0x00000000081008c4                SysTick_Handler
 .text.DMA2_Stream1_IRQHandler
                0x00000000081008d0       0x14 ./Core/Src/stm32h7xx_it.o
                0x00000000081008d0                DMA2_Stream1_IRQHandler
 .text.Reset_Handler
                0x00000000081008e4       0x50 ./Core/Startup/startup_stm32h755zitx.o
                0x00000000081008e4                Reset_Handler
 .text.Default_Handler
                0x0000000008100934        0x2 ./Core/Startup/startup_stm32h755zitx.o
                0x0000000008100934                RTC_Alarm_IRQHandler
                0x0000000008100934                HASH_RNG_IRQHandler
                0x0000000008100934                EXTI2_IRQHandler
                0x0000000008100934                TIM8_CC_IRQHandler
                0x0000000008100934                HRTIM1_Master_IRQHandler
                0x0000000008100934                UART8_IRQHandler
                0x0000000008100934                SPI4_IRQHandler
                0x0000000008100934                TIM1_CC_IRQHandler
                0x0000000008100934                BDMA_Channel6_IRQHandler
                0x0000000008100934                DMA2_Stream5_IRQHandler
                0x0000000008100934                HRTIM1_FLT_IRQHandler
                0x0000000008100934                JPEG_IRQHandler
                0x0000000008100934                DMA1_Stream5_IRQHandler
                0x0000000008100934                BDMA_Channel1_IRQHandler
                0x0000000008100934                HRTIM1_TIMD_IRQHandler
                0x0000000008100934                TAMP_STAMP_IRQHandler
                0x0000000008100934                EXTI3_IRQHandler
                0x0000000008100934                LPTIM4_IRQHandler
                0x0000000008100934                TIM8_TRG_COM_TIM14_IRQHandler
                0x0000000008100934                LPTIM2_IRQHandler
                0x0000000008100934                DFSDM1_FLT1_IRQHandler
                0x0000000008100934                DMAMUX2_OVR_IRQHandler
                0x0000000008100934                TIM8_UP_TIM13_IRQHandler
                0x0000000008100934                I2C3_ER_IRQHandler
                0x0000000008100934                DFSDM1_FLT2_IRQHandler
                0x0000000008100934                MDMA_IRQHandler
                0x0000000008100934                LPTIM3_IRQHandler
                0x0000000008100934                HSEM1_IRQHandler
                0x0000000008100934                EXTI0_IRQHandler
                0x0000000008100934                I2C2_EV_IRQHandler
                0x0000000008100934                DMA1_Stream2_IRQHandler
                0x0000000008100934                FPU_IRQHandler
                0x0000000008100934                OTG_HS_WKUP_IRQHandler
                0x0000000008100934                FDCAN1_IT1_IRQHandler
                0x0000000008100934                LTDC_ER_IRQHandler
                0x0000000008100934                DMA2_Stream2_IRQHandler
                0x0000000008100934                HRTIM1_TIME_IRQHandler
                0x0000000008100934                SPI1_IRQHandler
                0x0000000008100934                TIM6_DAC_IRQHandler
                0x0000000008100934                DCMI_IRQHandler
                0x0000000008100934                HRTIM1_TIMC_IRQHandler
                0x0000000008100934                DMA2_Stream3_IRQHandler
                0x0000000008100934                SAI2_IRQHandler
                0x0000000008100934                DFSDM1_FLT3_IRQHandler
                0x0000000008100934                USART6_IRQHandler
                0x0000000008100934                TIM17_IRQHandler
                0x0000000008100934                USART3_IRQHandler
                0x0000000008100934                BDMA_Channel7_IRQHandler
                0x0000000008100934                CRYP_IRQHandler
                0x0000000008100934                LPTIM5_IRQHandler
                0x0000000008100934                UART5_IRQHandler
                0x0000000008100934                ADC3_IRQHandler
                0x0000000008100934                DMA2_Stream0_IRQHandler
                0x0000000008100934                TIM4_IRQHandler
                0x0000000008100934                BDMA_Channel2_IRQHandler
                0x0000000008100934                QUADSPI_IRQHandler
                0x0000000008100934                I2C1_EV_IRQHandler
                0x0000000008100934                DMA1_Stream6_IRQHandler
                0x0000000008100934                DMAMUX1_OVR_IRQHandler
                0x0000000008100934                DMA1_Stream1_IRQHandler
                0x0000000008100934                TIM16_IRQHandler
                0x0000000008100934                UART4_IRQHandler
                0x0000000008100934                BDMA_Channel5_IRQHandler
                0x0000000008100934                TIM3_IRQHandler
                0x0000000008100934                RCC_IRQHandler
                0x0000000008100934                TIM8_BRK_TIM12_IRQHandler
                0x0000000008100934                TIM1_TRG_COM_IRQHandler
                0x0000000008100934                Default_Handler
                0x0000000008100934                ECC_IRQHandler
                0x0000000008100934                CEC_IRQHandler
                0x0000000008100934                EXTI15_10_IRQHandler
                0x0000000008100934                BDMA_Channel0_IRQHandler
                0x0000000008100934                ADC_IRQHandler
                0x0000000008100934                DMA1_Stream7_IRQHandler
                0x0000000008100934                HRTIM1_TIMA_IRQHandler
                0x0000000008100934                SPI5_IRQHandler
                0x0000000008100934                TIM7_IRQHandler
                0x0000000008100934                SDMMC1_IRQHandler
                0x0000000008100934                TIM5_IRQHandler
                0x0000000008100934                DMA2_Stream7_IRQHandler
                0x0000000008100934                TIM15_IRQHandler
                0x0000000008100934                PVD_AVD_IRQHandler
                0x0000000008100934                I2C3_EV_IRQHandler
                0x0000000008100934                EXTI9_5_IRQHandler
                0x0000000008100934                RTC_WKUP_IRQHandler
                0x0000000008100934                LTDC_IRQHandler
                0x0000000008100934                SAI3_IRQHandler
                0x0000000008100934                ETH_WKUP_IRQHandler
                0x0000000008100934                SPDIF_RX_IRQHandler
                0x0000000008100934                SPI2_IRQHandler
                0x0000000008100934                OTG_HS_EP1_IN_IRQHandler
                0x0000000008100934                DMA1_Stream0_IRQHandler
                0x0000000008100934                CRS_IRQHandler
                0x0000000008100934                CM7_SEV_IRQHandler
                0x0000000008100934                EXTI4_IRQHandler
                0x0000000008100934                CM4_SEV_IRQHandler
                0x0000000008100934                HRTIM1_TIMB_IRQHandler
                0x0000000008100934                FDCAN2_IT1_IRQHandler
                0x0000000008100934                ETH_IRQHandler
                0x0000000008100934                TIM1_UP_IRQHandler
                0x0000000008100934                WWDG_RST_IRQHandler
                0x0000000008100934                BDMA_Channel4_IRQHandler
                0x0000000008100934                OTG_HS_EP1_OUT_IRQHandler
                0x0000000008100934                WWDG_IRQHandler
                0x0000000008100934                SPI6_IRQHandler
                0x0000000008100934                MDIOS_IRQHandler
                0x0000000008100934                I2C4_EV_IRQHandler
                0x0000000008100934                FDCAN2_IT0_IRQHandler
                0x0000000008100934                LPUART1_IRQHandler
                0x0000000008100934                FDCAN1_IT0_IRQHandler
                0x0000000008100934                TIM2_IRQHandler
                0x0000000008100934                OTG_FS_WKUP_IRQHandler
                0x0000000008100934                OTG_HS_IRQHandler
                0x0000000008100934                HSEM2_IRQHandler
                0x0000000008100934                DMA2D_IRQHandler
                0x0000000008100934                TIM1_BRK_IRQHandler
                0x0000000008100934                EXTI1_IRQHandler
                0x0000000008100934                SDMMC2_IRQHandler
                0x0000000008100934                OTG_FS_EP1_OUT_IRQHandler
                0x0000000008100934                BDMA_Channel3_IRQHandler
                0x0000000008100934                HOLD_CORE_IRQHandler
                0x0000000008100934                UART7_IRQHandler
                0x0000000008100934                MDIOS_WKUP_IRQHandler
                0x0000000008100934                USART2_IRQHandler
                0x0000000008100934                DFSDM1_FLT0_IRQHandler
                0x0000000008100934                SAI4_IRQHandler
                0x0000000008100934                I2C2_ER_IRQHandler
                0x0000000008100934                FLASH_IRQHandler
                0x0000000008100934                DMA2_Stream4_IRQHandler
                0x0000000008100934                USART1_IRQHandler
                0x0000000008100934                OTG_FS_IRQHandler
                0x0000000008100934                SPI3_IRQHandler
                0x0000000008100934                WAKEUP_PIN_IRQHandler
                0x0000000008100934                DMA1_Stream4_IRQHandler
                0x0000000008100934                OTG_FS_EP1_IN_IRQHandler
                0x0000000008100934                I2C1_ER_IRQHandler
                0x0000000008100934                FMC_IRQHandler
                0x0000000008100934                FDCAN_CAL_IRQHandler
                0x0000000008100934                SWPMI1_IRQHandler
                0x0000000008100934                COMP1_IRQHandler
                0x0000000008100934                LPTIM1_IRQHandler
                0x0000000008100934                I2C4_ER_IRQHandler
                0x0000000008100934                DMA2_Stream6_IRQHandler
                0x0000000008100934                SAI1_IRQHandler
                0x0000000008100934                DMA1_Stream3_IRQHandler
 *fill*         0x0000000008100936        0x2 
 .text.HAL_Init
                0x0000000008100938       0xbc ./Drivers/STM32H7xx_HAL_Driver/stm32h7xx_hal.o
                0x0000000008100938                HAL_Init
 .text.HAL_InitTick
                0x00000000081009f4       0x6c ./Drivers/STM32H7xx_HAL_Driver/stm32h7xx_hal.o
                0x00000000081009f4                HAL_InitTick
 .text.HAL_IncTick
                0x0000000008100a60       0x28 ./Drivers/STM32H7xx_HAL_Driver/stm32h7xx_hal.o
                0x0000000008100a60                HAL_IncTick
 .text.HAL_GetTick
                0x0000000008100a88       0x18 ./Drivers/STM32H7xx_HAL_Driver/stm32h7xx_hal.o
                0x0000000008100a88                HAL_GetTick
 .text.HAL_Delay
                0x0000000008100aa0       0x48 ./Drivers/STM32H7xx_HAL_Driver/stm32h7xx_hal.o
                0x0000000008100aa0                HAL_Delay
 .text.__NVIC_SetPriorityGrouping
                0x0000000008100ae8       0x48 ./Drivers/STM32H7xx_HAL_Driver/stm32h7xx_hal_cortex.o
 .text.__NVIC_GetPriorityGrouping
                0x0000000008100b30       0x1c ./Drivers/STM32H7xx_HAL_Driver/stm32h7xx_hal_cortex.o
 .text.__NVIC_EnableIRQ
                0x0000000008100b4c       0x3c ./Drivers/STM32H7xx_HAL_Driver/stm32h7xx_hal_cortex.o
 .text.__NVIC_SetPriority
                0x0000000008100b88       0x54 ./Drivers/STM32H7xx_HAL_Driver/stm32h7xx_hal_cortex.o
 .text.NVIC_EncodePriority
                0x0000000008100bdc       0x66 ./Drivers/STM32H7xx_HAL_Driver/stm32h7xx_hal_cortex.o
 *fill*         0x0000000008100c42        0x2 
 .text.SysTick_Config
                0x0000000008100c44       0x44 ./Drivers/STM32H7xx_HAL_Driver/stm32h7xx_hal_cortex.o
 .text.HAL_NVIC_SetPriorityGrouping
                0x0000000008100c88       0x16 ./Drivers/STM32H7xx_HAL_Driver/stm32h7xx_hal_cortex.o
                0x0000000008100c88                HAL_NVIC_SetPriorityGrouping
 .text.HAL_NVIC_SetPriority
                0x0000000008100c9e       0x34 ./Drivers/STM32H7xx_HAL_Driver/stm32h7xx_hal_cortex.o
                0x0000000008100c9e                HAL_NVIC_SetPriority
 .text.HAL_NVIC_EnableIRQ
                0x0000000008100cd2       0x1c ./Drivers/STM32H7xx_HAL_Driver/stm32h7xx_hal_cortex.o
                0x0000000008100cd2                HAL_NVIC_EnableIRQ
 .text.HAL_SYSTICK_Config
                0x0000000008100cee       0x18 ./Drivers/STM32H7xx_HAL_Driver/stm32h7xx_hal_cortex.o
                0x0000000008100cee                HAL_SYSTICK_Config
 *fill*         0x0000000008100d06        0x2 
 .text.HAL_GetCurrentCPUID
                0x0000000008100d08       0x28 ./Drivers/STM32H7xx_HAL_Driver/stm32h7xx_hal_cortex.o
                0x0000000008100d08                HAL_GetCurrentCPUID
 .text.HAL_DMA_Init
                0x0000000008100d30      0x6b4 ./Drivers/STM32H7xx_HAL_Driver/stm32h7xx_hal_dma.o
                0x0000000008100d30                HAL_DMA_Init
 .text.HAL_DMA_Start_IT
                0x00000000081013e4      0x4d4 ./Drivers/STM32H7xx_HAL_Driver/stm32h7xx_hal_dma.o
                0x00000000081013e4                HAL_DMA_Start_IT
 .text.HAL_DMA_Abort_IT
                0x00000000081018b8      0x488 ./Drivers/STM32H7xx_HAL_Driver/stm32h7xx_hal_dma.o
                0x00000000081018b8                HAL_DMA_Abort_IT
 .text.HAL_DMA_IRQHandler
                0x0000000008101d40      0xe54 ./Drivers/STM32H7xx_HAL_Driver/stm32h7xx_hal_dma.o
                0x0000000008101d40                HAL_DMA_IRQHandler
 .text.DMA_SetConfig
                0x0000000008102b94      0x358 ./Drivers/STM32H7xx_HAL_Driver/stm32h7xx_hal_dma.o
 .text.DMA_CalcBaseAndBitshift
                0x0000000008102eec      0x164 ./Drivers/STM32H7xx_HAL_Driver/stm32h7xx_hal_dma.o
 .text.DMA_CheckFifoParam
                0x0000000008103050       0xf8 ./Drivers/STM32H7xx_HAL_Driver/stm32h7xx_hal_dma.o
 .text.DMA_CalcDMAMUXChannelBaseAndMask
                0x0000000008103148      0x134 ./Drivers/STM32H7xx_HAL_Driver/stm32h7xx_hal_dma.o
 .text.DMA_CalcDMAMUXRequestGenBaseAndMask
                0x000000000810327c       0xe8 ./Drivers/STM32H7xx_HAL_Driver/stm32h7xx_hal_dma.o
 .text.HAL_GPIO_Init
                0x0000000008103364      0x360 ./Drivers/STM32H7xx_HAL_Driver/stm32h7xx_hal_gpio.o
                0x0000000008103364                HAL_GPIO_Init
 .text.HAL_GPIO_WritePin
                0x00000000081036c4       0x32 ./Drivers/STM32H7xx_HAL_Driver/stm32h7xx_hal_gpio.o
                0x00000000081036c4                HAL_GPIO_WritePin
 .text.HAL_GPIO_TogglePin
                0x00000000081036f6       0x34 ./Drivers/STM32H7xx_HAL_Driver/stm32h7xx_hal_gpio.o
                0x00000000081036f6                HAL_GPIO_TogglePin
 *fill*         0x000000000810372a        0x2 
 .text.HAL_HSEM_ActivateNotification
                0x000000000810372c       0x24 ./Drivers/STM32H7xx_HAL_Driver/stm32h7xx_hal_hsem.o
                0x000000000810372c                HAL_HSEM_ActivateNotification
 .text.HAL_PWREx_EnterSTOPMode
                0x0000000008103750       0xf4 ./Drivers/STM32H7xx_HAL_Driver/stm32h7xx_hal_pwr_ex.o
                0x0000000008103750                HAL_PWREx_EnterSTOPMode
 .text.HAL_PWREx_ClearPendingEvent
                0x0000000008103844       0x1a ./Drivers/STM32H7xx_HAL_Driver/stm32h7xx_hal_pwr_ex.o
                0x0000000008103844                HAL_PWREx_ClearPendingEvent
 *fill*         0x000000000810385e        0x2 
 .text.HAL_RCC_GetSysClockFreq
                0x0000000008103860      0x2f4 ./Drivers/STM32H7xx_HAL_Driver/stm32h7xx_hal_rcc.o
                0x0000000008103860                HAL_RCC_GetSysClockFreq
 .text.HAL_TIM_Base_Init
                0x0000000008103b54       0xae ./Drivers/STM32H7xx_HAL_Driver/stm32h7xx_hal_tim.o
                0x0000000008103b54                HAL_TIM_Base_Init
 .text.HAL_TIM_PWM_Init
                0x0000000008103c02       0xae ./Drivers/STM32H7xx_HAL_Driver/stm32h7xx_hal_tim.o
                0x0000000008103c02                HAL_TIM_PWM_Init
 .text.HAL_TIM_PWM_MspInit
                0x0000000008103cb0       0x14 ./Drivers/STM32H7xx_HAL_Driver/stm32h7xx_hal_tim.o
                0x0000000008103cb0                HAL_TIM_PWM_MspInit
 .text.HAL_TIM_PWM_Start_DMA
                0x0000000008103cc4      0x434 ./Drivers/STM32H7xx_HAL_Driver/stm32h7xx_hal_tim.o
                0x0000000008103cc4                HAL_TIM_PWM_Start_DMA
 .text.HAL_TIM_PWM_Stop_DMA
                0x00000000081040f8      0x1e0 ./Drivers/STM32H7xx_HAL_Driver/stm32h7xx_hal_tim.o
                0x00000000081040f8                HAL_TIM_PWM_Stop_DMA
 .text.HAL_TIM_PWM_ConfigChannel
                0x00000000081042d8      0x220 ./Drivers/STM32H7xx_HAL_Driver/stm32h7xx_hal_tim.o
                0x00000000081042d8                HAL_TIM_PWM_ConfigChannel
 .text.HAL_TIM_ConfigClockSource
                0x00000000081044f8      0x1e8 ./Drivers/STM32H7xx_HAL_Driver/stm32h7xx_hal_tim.o
                0x00000000081044f8                HAL_TIM_ConfigClockSource
 .text.HAL_TIM_PWM_PulseFinishedHalfCpltCallback
                0x00000000081046e0       0x14 ./Drivers/STM32H7xx_HAL_Driver/stm32h7xx_hal_tim.o
                0x00000000081046e0                HAL_TIM_PWM_PulseFinishedHalfCpltCallback
 .text.HAL_TIM_ErrorCallback
                0x00000000081046f4       0x14 ./Drivers/STM32H7xx_HAL_Driver/stm32h7xx_hal_tim.o
                0x00000000081046f4                HAL_TIM_ErrorCallback
 .text.TIM_DMAError
                0x0000000008104708       0x92 ./Drivers/STM32H7xx_HAL_Driver/stm32h7xx_hal_tim.o
                0x0000000008104708                TIM_DMAError
 .text.TIM_DMADelayPulseCplt
                0x000000000810479a       0xa8 ./Drivers/STM32H7xx_HAL_Driver/stm32h7xx_hal_tim.o
 .text.TIM_DMADelayPulseHalfCplt
                0x0000000008104842       0x68 ./Drivers/STM32H7xx_HAL_Driver/stm32h7xx_hal_tim.o
                0x0000000008104842                TIM_DMADelayPulseHalfCplt
 *fill*         0x00000000081048aa        0x2 
 .text.TIM_Base_SetConfig
                0x00000000081048ac      0x134 ./Drivers/STM32H7xx_HAL_Driver/stm32h7xx_hal_tim.o
                0x00000000081048ac                TIM_Base_SetConfig
 .text.TIM_OC1_SetConfig
                0x00000000081049e0      0x120 ./Drivers/STM32H7xx_HAL_Driver/stm32h7xx_hal_tim.o
 .text.TIM_OC2_SetConfig
                0x0000000008104b00      0x114 ./Drivers/STM32H7xx_HAL_Driver/stm32h7xx_hal_tim.o
                0x0000000008104b00                TIM_OC2_SetConfig
 .text.TIM_OC3_SetConfig
                0x0000000008104c14      0x10c ./Drivers/STM32H7xx_HAL_Driver/stm32h7xx_hal_tim.o
 .text.TIM_OC4_SetConfig
                0x0000000008104d20       0xd0 ./Drivers/STM32H7xx_HAL_Driver/stm32h7xx_hal_tim.o
 .text.TIM_OC5_SetConfig
                0x0000000008104df0       0xc4 ./Drivers/STM32H7xx_HAL_Driver/stm32h7xx_hal_tim.o
 .text.TIM_OC6_SetConfig
                0x0000000008104eb4       0xc8 ./Drivers/STM32H7xx_HAL_Driver/stm32h7xx_hal_tim.o
 .text.TIM_TI1_ConfigInputStage
                0x0000000008104f7c       0x5e ./Drivers/STM32H7xx_HAL_Driver/stm32h7xx_hal_tim.o
 .text.TIM_TI2_ConfigInputStage
                0x0000000008104fda       0x60 ./Drivers/STM32H7xx_HAL_Driver/stm32h7xx_hal_tim.o
 .text.TIM_ITRx_SetConfig
                0x000000000810503a       0x3a ./Drivers/STM32H7xx_HAL_Driver/stm32h7xx_hal_tim.o
 .text.TIM_ETR_SetConfig
                0x0000000008105074       0x40 ./Drivers/STM32H7xx_HAL_Driver/stm32h7xx_hal_tim.o
                0x0000000008105074                TIM_ETR_SetConfig
 .text.TIM_CCxChannelCmd
                0x00000000081050b4       0x4a ./Drivers/STM32H7xx_HAL_Driver/stm32h7xx_hal_tim.o
                0x00000000081050b4                TIM_CCxChannelCmd
 *fill*         0x00000000081050fe        0x2 
 .text.HAL_TIMEx_MasterConfigSynchronization
                0x0000000008105100      0x110 ./Drivers/STM32H7xx_HAL_Driver/stm32h7xx_hal_tim_ex.o
                0x0000000008105100                HAL_TIMEx_MasterConfigSynchronization
 .text.HAL_TIMEx_ConfigBreakDeadTime
                0x0000000008105210       0xfc ./Drivers/STM32H7xx_HAL_Driver/stm32h7xx_hal_tim_ex.o
                0x0000000008105210                HAL_TIMEx_ConfigBreakDeadTime
 .text.__libc_init_array
                0x000000000810530c       0x48 /run/media/tim/Festplatte2/Dokumente/STM32CubeIDE/plugins/com.st.stm32cube.ide.mcu.externaltools.gnu-tools-for-stm32.9-2020-q2-update.linux64_2.0.0.202105311346/tools/bin/../lib/gcc/arm-none-eabi/9.3.1/../../../../arm-none-eabi/lib/thumb/v7e-m+fp/hard/libc_nano.a(lib_a-init.o)
                0x000000000810530c                __libc_init_array
 .text.memset   0x0000000008105354       0x10 /run/media/tim/Festplatte2/Dokumente/STM32CubeIDE/plugins/com.st.stm32cube.ide.mcu.externaltools.gnu-tools-for-stm32.9-2020-q2-update.linux64_2.0.0.202105311346/tools/bin/../lib/gcc/arm-none-eabi/9.3.1/../../../../arm-none-eabi/lib/thumb/v7e-m+fp/hard/libc_nano.a(lib_a-memset.o)
                0x0000000008105354                memset
 *(.glue_7)
 .glue_7        0x0000000008105364        0x0 linker stubs
 *(.glue_7t)
 .glue_7t       0x0000000008105364        0x0 linker stubs
 *(.eh_frame)
 .eh_frame      0x0000000008105364        0x0 /run/media/tim/Festplatte2/Dokumente/STM32CubeIDE/plugins/com.st.stm32cube.ide.mcu.externaltools.gnu-tools-for-stm32.9-2020-q2-update.linux64_2.0.0.202105311346/tools/bin/../lib/gcc/arm-none-eabi/9.3.1/thumb/v7e-m+fp/hard/crtbegin.o
 *(.init)
 .init          0x0000000008105364        0x4 /run/media/tim/Festplatte2/Dokumente/STM32CubeIDE/plugins/com.st.stm32cube.ide.mcu.externaltools.gnu-tools-for-stm32.9-2020-q2-update.linux64_2.0.0.202105311346/tools/bin/../lib/gcc/arm-none-eabi/9.3.1/thumb/v7e-m+fp/hard/crti.o
                0x0000000008105364                _init
 .init          0x0000000008105368        0x8 /run/media/tim/Festplatte2/Dokumente/STM32CubeIDE/plugins/com.st.stm32cube.ide.mcu.externaltools.gnu-tools-for-stm32.9-2020-q2-update.linux64_2.0.0.202105311346/tools/bin/../lib/gcc/arm-none-eabi/9.3.1/thumb/v7e-m+fp/hard/crtn.o
 *(.fini)
 .fini          0x0000000008105370        0x4 /run/media/tim/Festplatte2/Dokumente/STM32CubeIDE/plugins/com.st.stm32cube.ide.mcu.externaltools.gnu-tools-for-stm32.9-2020-q2-update.linux64_2.0.0.202105311346/tools/bin/../lib/gcc/arm-none-eabi/9.3.1/thumb/v7e-m+fp/hard/crti.o
                0x0000000008105370                _fini
 .fini          0x0000000008105374        0x8 /run/media/tim/Festplatte2/Dokumente/STM32CubeIDE/plugins/com.st.stm32cube.ide.mcu.externaltools.gnu-tools-for-stm32.9-2020-q2-update.linux64_2.0.0.202105311346/tools/bin/../lib/gcc/arm-none-eabi/9.3.1/thumb/v7e-m+fp/hard/crtn.o
                0x000000000810537c                . = ALIGN (0x4)
                0x000000000810537c                _etext = .

.vfp11_veneer   0x000000000810537c        0x0
 .vfp11_veneer  0x000000000810537c        0x0 linker stubs

.v4_bx          0x000000000810537c        0x0
 .v4_bx         0x000000000810537c        0x0 linker stubs

.iplt           0x000000000810537c        0x0
 .iplt          0x000000000810537c        0x0 /run/media/tim/Festplatte2/Dokumente/STM32CubeIDE/plugins/com.st.stm32cube.ide.mcu.externaltools.gnu-tools-for-stm32.9-2020-q2-update.linux64_2.0.0.202105311346/tools/bin/../lib/gcc/arm-none-eabi/9.3.1/thumb/v7e-m+fp/hard/crtbegin.o

.rodata         0x000000000810537c       0x18
                0x000000000810537c                . = ALIGN (0x4)
 *(.rodata)
 *(.rodata*)
 .rodata.D1CorePrescTable
                0x000000000810537c       0x10 ./Common/Src/system_stm32h7xx_dualcore_boot_cm4_cm7.o
                0x000000000810537c                D1CorePrescTable
 .rodata.flagBitshiftOffset.11402
                0x000000000810538c        0x8 ./Drivers/STM32H7xx_HAL_Driver/stm32h7xx_hal_dma.o
                0x0000000008105394                . = ALIGN (0x4)

.rel.dyn        0x0000000008105394        0x0
 .rel.iplt      0x0000000008105394        0x0 /run/media/tim/Festplatte2/Dokumente/STM32CubeIDE/plugins/com.st.stm32cube.ide.mcu.externaltools.gnu-tools-for-stm32.9-2020-q2-update.linux64_2.0.0.202105311346/tools/bin/../lib/gcc/arm-none-eabi/9.3.1/thumb/v7e-m+fp/hard/crtbegin.o

.ARM.extab
 *(.ARM.extab* .gnu.linkonce.armextab.*)

.ARM            0x0000000008105394        0x0
                0x0000000008105394                __exidx_start = .
 *(.ARM.exidx*)
                0x0000000008105394                __exidx_end = .

.preinit_array  0x0000000008105394        0x0
                0x0000000008105394                PROVIDE (__preinit_array_start = .)
 *(.preinit_array*)
                0x0000000008105394                PROVIDE (__preinit_array_end = .)

.init_array     0x0000000008105394        0x4
                0x0000000008105394                PROVIDE (__init_array_start = .)
 *(SORT_BY_NAME(.init_array.*))
 *(.init_array*)
 .init_array    0x0000000008105394        0x4 /run/media/tim/Festplatte2/Dokumente/STM32CubeIDE/plugins/com.st.stm32cube.ide.mcu.externaltools.gnu-tools-for-stm32.9-2020-q2-update.linux64_2.0.0.202105311346/tools/bin/../lib/gcc/arm-none-eabi/9.3.1/thumb/v7e-m+fp/hard/crtbegin.o
                0x0000000008105398                PROVIDE (__init_array_end = .)

.fini_array     0x0000000008105398        0x4
                [!provide]                        PROVIDE (__fini_array_start = .)
 *(SORT_BY_NAME(.fini_array.*))
 *(.fini_array*)
 .fini_array    0x0000000008105398        0x4 /run/media/tim/Festplatte2/Dokumente/STM32CubeIDE/plugins/com.st.stm32cube.ide.mcu.externaltools.gnu-tools-for-stm32.9-2020-q2-update.linux64_2.0.0.202105311346/tools/bin/../lib/gcc/arm-none-eabi/9.3.1/thumb/v7e-m+fp/hard/crtbegin.o
                [!provide]                        PROVIDE (__fini_array_end = .)
                0x000000000810539c                _sidata = LOADADDR (.data)

.data           0x0000000010000000       0x10 load address 0x000000000810539c
                0x0000000010000000                . = ALIGN (0x4)
                0x0000000010000000                _sdata = .
 *(.data)
 *(.data*)
 .data.SystemCoreClock
                0x0000000010000000        0x4 ./Common/Src/system_stm32h7xx_dualcore_boot_cm4_cm7.o
                0x0000000010000000                SystemCoreClock
 .data.SystemD2Clock
                0x0000000010000004        0x4 ./Common/Src/system_stm32h7xx_dualcore_boot_cm4_cm7.o
                0x0000000010000004                SystemD2Clock
 .data.uwTickPrio
                0x0000000010000008        0x4 ./Drivers/STM32H7xx_HAL_Driver/stm32h7xx_hal.o
                0x0000000010000008                uwTickPrio
 .data.uwTickFreq
                0x000000001000000c        0x1 ./Drivers/STM32H7xx_HAL_Driver/stm32h7xx_hal.o
                0x000000001000000c                uwTickFreq
 *(.RamFunc)
 *(.RamFunc*)
                0x0000000010000010                . = ALIGN (0x4)
 *fill*         0x000000001000000d        0x3 
                0x0000000010000010                _edata = .

.igot.plt       0x0000000010000010        0x0 load address 0x00000000081053ac
 .igot.plt      0x0000000010000010        0x0 /run/media/tim/Festplatte2/Dokumente/STM32CubeIDE/plugins/com.st.stm32cube.ide.mcu.externaltools.gnu-tools-for-stm32.9-2020-q2-update.linux64_2.0.0.202105311346/tools/bin/../lib/gcc/arm-none-eabi/9.3.1/thumb/v7e-m+fp/hard/crtbegin.o
                0x0000000010000010                . = ALIGN (0x4)

.bss            0x0000000010000010      0x2d0 load address 0x00000000081053ac
                0x0000000010000010                _sbss = .
                0x0000000010000010                __bss_start__ = _sbss
 *(.bss)
 .bss           0x0000000010000010       0x1c /run/media/tim/Festplatte2/Dokumente/STM32CubeIDE/plugins/com.st.stm32cube.ide.mcu.externaltools.gnu-tools-for-stm32.9-2020-q2-update.linux64_2.0.0.202105311346/tools/bin/../lib/gcc/arm-none-eabi/9.3.1/thumb/v7e-m+fp/hard/crtbegin.o
 *(.bss*)
 .bss.datasentflag
                0x000000001000002c        0x4 ./Core/Src/main.o
                0x000000001000002c                datasentflag
 *(COMMON)
 COMMON         0x0000000010000030      0x2ac ./Core/Src/main.o
                0x0000000010000030                hdma_tim1_ch1
                0x00000000100000a8                LED_Data
                0x00000000100000ac                huart3
                0x000000001000013c                LED_Mod
                0x0000000010000140                pwmData
                0x00000000100001d4                htim1
                0x0000000010000220                heth
                0x00000000100002a8                TxConfig
 COMMON         0x00000000100002dc        0x4 ./Drivers/STM32H7xx_HAL_Driver/stm32h7xx_hal.o
                0x00000000100002dc                uwTick
                0x00000000100002e0                . = ALIGN (0x4)
                0x00000000100002e0                _ebss = .
                0x00000000100002e0                __bss_end__ = _ebss

._user_heap_stack
                0x00000000100002e0      0x600 load address 0x00000000081053ac
                0x00000000100002e0                . = ALIGN (0x8)
                [!provide]                        PROVIDE (end = .)
                0x00000000100002e0                PROVIDE (_end = .)
                0x00000000100004e0                . = (. + _Min_Heap_Size)
 *fill*         0x00000000100002e0      0x200 
                0x00000000100008e0                . = (. + _Min_Stack_Size)
 *fill*         0x00000000100004e0      0x400 
                0x00000000100008e0                . = ALIGN (0x8)

/DISCARD/
 libc.a(*)
 libm.a(*)
 libgcc.a(*)

.ARM.attributes
                0x0000000000000000       0x30
 *(.ARM.attributes)
 .ARM.attributes
                0x0000000000000000       0x1e /run/media/tim/Festplatte2/Dokumente/STM32CubeIDE/plugins/com.st.stm32cube.ide.mcu.externaltools.gnu-tools-for-stm32.9-2020-q2-update.linux64_2.0.0.202105311346/tools/bin/../lib/gcc/arm-none-eabi/9.3.1/thumb/v7e-m+fp/hard/crti.o
 .ARM.attributes
                0x000000000000001e       0x34 /run/media/tim/Festplatte2/Dokumente/STM32CubeIDE/plugins/com.st.stm32cube.ide.mcu.externaltools.gnu-tools-for-stm32.9-2020-q2-update.linux64_2.0.0.202105311346/tools/bin/../lib/gcc/arm-none-eabi/9.3.1/thumb/v7e-m+fp/hard/crtbegin.o
 .ARM.attributes
                0x0000000000000052       0x34 ./Common/Src/system_stm32h7xx_dualcore_boot_cm4_cm7.o
 .ARM.attributes
                0x0000000000000086       0x34 ./Core/Src/main.o
 .ARM.attributes
                0x00000000000000ba       0x34 ./Core/Src/stm32h7xx_hal_msp.o
 .ARM.attributes
                0x00000000000000ee       0x34 ./Core/Src/stm32h7xx_it.o
 .ARM.attributes
                0x0000000000000122       0x21 ./Core/Startup/startup_stm32h755zitx.o
 .ARM.attributes
                0x0000000000000143       0x34 ./Drivers/STM32H7xx_HAL_Driver/stm32h7xx_hal.o
 .ARM.attributes
                0x0000000000000177       0x34 ./Drivers/STM32H7xx_HAL_Driver/stm32h7xx_hal_cortex.o
 .ARM.attributes
                0x00000000000001ab       0x34 ./Drivers/STM32H7xx_HAL_Driver/stm32h7xx_hal_dma.o
 .ARM.attributes
                0x00000000000001df       0x34 ./Drivers/STM32H7xx_HAL_Driver/stm32h7xx_hal_gpio.o
 .ARM.attributes
                0x0000000000000213       0x34 ./Drivers/STM32H7xx_HAL_Driver/stm32h7xx_hal_hsem.o
 .ARM.attributes
                0x0000000000000247       0x34 ./Drivers/STM32H7xx_HAL_Driver/stm32h7xx_hal_pwr_ex.o
 .ARM.attributes
                0x000000000000027b       0x34 ./Drivers/STM32H7xx_HAL_Driver/stm32h7xx_hal_rcc.o
 .ARM.attributes
                0x00000000000002af       0x34 ./Drivers/STM32H7xx_HAL_Driver/stm32h7xx_hal_tim.o
 .ARM.attributes
                0x00000000000002e3       0x34 ./Drivers/STM32H7xx_HAL_Driver/stm32h7xx_hal_tim_ex.o
 .ARM.attributes
                0x0000000000000317       0x34 /run/media/tim/Festplatte2/Dokumente/STM32CubeIDE/plugins/com.st.stm32cube.ide.mcu.externaltools.gnu-tools-for-stm32.9-2020-q2-update.linux64_2.0.0.202105311346/tools/bin/../lib/gcc/arm-none-eabi/9.3.1/../../../../arm-none-eabi/lib/thumb/v7e-m+fp/hard/libc_nano.a(lib_a-init.o)
 .ARM.attributes
                0x000000000000034b       0x34 /run/media/tim/Festplatte2/Dokumente/STM32CubeIDE/plugins/com.st.stm32cube.ide.mcu.externaltools.gnu-tools-for-stm32.9-2020-q2-update.linux64_2.0.0.202105311346/tools/bin/../lib/gcc/arm-none-eabi/9.3.1/../../../../arm-none-eabi/lib/thumb/v7e-m+fp/hard/libc_nano.a(lib_a-memset.o)
 .ARM.attributes
                0x000000000000037f       0x1e /run/media/tim/Festplatte2/Dokumente/STM32CubeIDE/plugins/com.st.stm32cube.ide.mcu.externaltools.gnu-tools-for-stm32.9-2020-q2-update.linux64_2.0.0.202105311346/tools/bin/../lib/gcc/arm-none-eabi/9.3.1/thumb/v7e-m+fp/hard/crtn.o
OUTPUT(LEDWall_CM4.elf elf32-littlearm)
LOAD linker stubs
LOAD /run/media/tim/Festplatte2/Dokumente/STM32CubeIDE/plugins/com.st.stm32cube.ide.mcu.externaltools.gnu-tools-for-stm32.9-2020-q2-update.linux64_2.0.0.202105311346/tools/bin/../lib/gcc/arm-none-eabi/9.3.1/../../../../arm-none-eabi/lib/thumb/v7e-m+fp/hard/libc.a
LOAD /run/media/tim/Festplatte2/Dokumente/STM32CubeIDE/plugins/com.st.stm32cube.ide.mcu.externaltools.gnu-tools-for-stm32.9-2020-q2-update.linux64_2.0.0.202105311346/tools/bin/../lib/gcc/arm-none-eabi/9.3.1/../../../../arm-none-eabi/lib/thumb/v7e-m+fp/hard/libm.a
LOAD /run/media/tim/Festplatte2/Dokumente/STM32CubeIDE/plugins/com.st.stm32cube.ide.mcu.externaltools.gnu-tools-for-stm32.9-2020-q2-update.linux64_2.0.0.202105311346/tools/bin/../lib/gcc/arm-none-eabi/9.3.1/thumb/v7e-m+fp/hard/libgcc.a

.debug_info     0x0000000000000000    0x18d0b
 .debug_info    0x0000000000000000     0x11f9 ./Common/Src/system_stm32h7xx_dualcore_boot_cm4_cm7.o
 .debug_info    0x00000000000011f9     0x365c ./Core/Src/main.o
 .debug_info    0x0000000000004855     0x2d46 ./Core/Src/stm32h7xx_hal_msp.o
 .debug_info    0x000000000000759b      0xf30 ./Core/Src/stm32h7xx_it.o
 .debug_info    0x00000000000084cb       0x22 ./Core/Startup/startup_stm32h755zitx.o
 .debug_info    0x00000000000084ed     0x2231 ./Drivers/STM32H7xx_HAL_Driver/stm32h7xx_hal.o
 .debug_info    0x000000000000a71e     0x1a58 ./Drivers/STM32H7xx_HAL_Driver/stm32h7xx_hal_cortex.o
 .debug_info    0x000000000000c176     0x175f ./Drivers/STM32H7xx_HAL_Driver/stm32h7xx_hal_dma.o
 .debug_info    0x000000000000d8d5     0x189e ./Drivers/STM32H7xx_HAL_Driver/stm32h7xx_hal_gpio.o
 .debug_info    0x000000000000f173      0xed3 ./Drivers/STM32H7xx_HAL_Driver/stm32h7xx_hal_hsem.o
 .debug_info    0x0000000000010046     0x1b6e ./Drivers/STM32H7xx_HAL_Driver/stm32h7xx_hal_pwr_ex.o
 .debug_info    0x0000000000011bb4     0x194f ./Drivers/STM32H7xx_HAL_Driver/stm32h7xx_hal_rcc.o
 .debug_info    0x0000000000013503     0x3639 ./Drivers/STM32H7xx_HAL_Driver/stm32h7xx_hal_tim.o
 .debug_info    0x0000000000016b3c     0x21cf ./Drivers/STM32H7xx_HAL_Driver/stm32h7xx_hal_tim_ex.o

.debug_abbrev   0x0000000000000000     0x26e1
 .debug_abbrev  0x0000000000000000      0x251 ./Common/Src/system_stm32h7xx_dualcore_boot_cm4_cm7.o
 .debug_abbrev  0x0000000000000251      0x393 ./Core/Src/main.o
 .debug_abbrev  0x00000000000005e4      0x2b2 ./Core/Src/stm32h7xx_hal_msp.o
 .debug_abbrev  0x0000000000000896      0x1fe ./Core/Src/stm32h7xx_it.o
 .debug_abbrev  0x0000000000000a94       0x12 ./Core/Startup/startup_stm32h755zitx.o
 .debug_abbrev  0x0000000000000aa6      0x324 ./Drivers/STM32H7xx_HAL_Driver/stm32h7xx_hal.o
 .debug_abbrev  0x0000000000000dca      0x409 ./Drivers/STM32H7xx_HAL_Driver/stm32h7xx_hal_cortex.o
 .debug_abbrev  0x00000000000011d3      0x2c1 ./Drivers/STM32H7xx_HAL_Driver/stm32h7xx_hal_dma.o
 .debug_abbrev  0x0000000000001494      0x2cb ./Drivers/STM32H7xx_HAL_Driver/stm32h7xx_hal_gpio.o
 .debug_abbrev  0x000000000000175f      0x2e9 ./Drivers/STM32H7xx_HAL_Driver/stm32h7xx_hal_hsem.o
 .debug_abbrev  0x0000000000001a48      0x37d ./Drivers/STM32H7xx_HAL_Driver/stm32h7xx_hal_pwr_ex.o
 .debug_abbrev  0x0000000000001dc5      0x322 ./Drivers/STM32H7xx_HAL_Driver/stm32h7xx_hal_rcc.o
 .debug_abbrev  0x00000000000020e7      0x2f9 ./Drivers/STM32H7xx_HAL_Driver/stm32h7xx_hal_tim.o
 .debug_abbrev  0x00000000000023e0      0x301 ./Drivers/STM32H7xx_HAL_Driver/stm32h7xx_hal_tim_ex.o

.debug_aranges  0x0000000000000000      0xd88
 .debug_aranges
                0x0000000000000000       0x28 ./Common/Src/system_stm32h7xx_dualcore_boot_cm4_cm7.o
 .debug_aranges
                0x0000000000000028       0x90 ./Core/Src/main.o
 .debug_aranges
                0x00000000000000b8       0x58 ./Core/Src/stm32h7xx_hal_msp.o
 .debug_aranges
                0x0000000000000110       0x68 ./Core/Src/stm32h7xx_it.o
 .debug_aranges
                0x0000000000000178       0x28 ./Core/Startup/startup_stm32h755zitx.o
 .debug_aranges
                0x00000000000001a0      0x200 ./Drivers/STM32H7xx_HAL_Driver/stm32h7xx_hal.o
 .debug_aranges
                0x00000000000003a0      0x120 ./Drivers/STM32H7xx_HAL_Driver/stm32h7xx_hal_cortex.o
 .debug_aranges
                0x00000000000004c0       0xa0 ./Drivers/STM32H7xx_HAL_Driver/stm32h7xx_hal_dma.o
 .debug_aranges
                0x0000000000000560       0x58 ./Drivers/STM32H7xx_HAL_Driver/stm32h7xx_hal_gpio.o
 .debug_aranges
                0x00000000000005b8       0x70 ./Drivers/STM32H7xx_HAL_Driver/stm32h7xx_hal_hsem.o
 .debug_aranges
                0x0000000000000628      0x170 ./Drivers/STM32H7xx_HAL_Driver/stm32h7xx_hal_pwr_ex.o
 .debug_aranges
                0x0000000000000798       0x88 ./Drivers/STM32H7xx_HAL_Driver/stm32h7xx_hal_rcc.o
 .debug_aranges
                0x0000000000000820      0x3e0 ./Drivers/STM32H7xx_HAL_Driver/stm32h7xx_hal_tim.o
 .debug_aranges
                0x0000000000000c00      0x188 ./Drivers/STM32H7xx_HAL_Driver/stm32h7xx_hal_tim_ex.o

.debug_ranges   0x0000000000000000      0xcb0
 .debug_ranges  0x0000000000000000       0x18 ./Common/Src/system_stm32h7xx_dualcore_boot_cm4_cm7.o
 .debug_ranges  0x0000000000000018       0x80 ./Core/Src/main.o
 .debug_ranges  0x0000000000000098       0x48 ./Core/Src/stm32h7xx_hal_msp.o
 .debug_ranges  0x00000000000000e0       0x58 ./Core/Src/stm32h7xx_it.o
 .debug_ranges  0x0000000000000138       0x20 ./Core/Startup/startup_stm32h755zitx.o
 .debug_ranges  0x0000000000000158      0x1f0 ./Drivers/STM32H7xx_HAL_Driver/stm32h7xx_hal.o
 .debug_ranges  0x0000000000000348      0x110 ./Drivers/STM32H7xx_HAL_Driver/stm32h7xx_hal_cortex.o
 .debug_ranges  0x0000000000000458       0x90 ./Drivers/STM32H7xx_HAL_Driver/stm32h7xx_hal_dma.o
 .debug_ranges  0x00000000000004e8       0x48 ./Drivers/STM32H7xx_HAL_Driver/stm32h7xx_hal_gpio.o
 .debug_ranges  0x0000000000000530       0x60 ./Drivers/STM32H7xx_HAL_Driver/stm32h7xx_hal_hsem.o
 .debug_ranges  0x0000000000000590      0x160 ./Drivers/STM32H7xx_HAL_Driver/stm32h7xx_hal_pwr_ex.o
 .debug_ranges  0x00000000000006f0       0x78 ./Drivers/STM32H7xx_HAL_Driver/stm32h7xx_hal_rcc.o
 .debug_ranges  0x0000000000000768      0x3d0 ./Drivers/STM32H7xx_HAL_Driver/stm32h7xx_hal_tim.o
 .debug_ranges  0x0000000000000b38      0x178 ./Drivers/STM32H7xx_HAL_Driver/stm32h7xx_hal_tim_ex.o

.debug_macro    0x0000000000000000    0x39f64
 .debug_macro   0x0000000000000000      0x2c4 ./Common/Src/system_stm32h7xx_dualcore_boot_cm4_cm7.o
 .debug_macro   0x00000000000002c4      0xaae ./Common/Src/system_stm32h7xx_dualcore_boot_cm4_cm7.o
 .debug_macro   0x0000000000000d72       0x2e ./Common/Src/system_stm32h7xx_dualcore_boot_cm4_cm7.o
 .debug_macro   0x0000000000000da0       0x3b ./Common/Src/system_stm32h7xx_dualcore_boot_cm4_cm7.o
 .debug_macro   0x0000000000000ddb       0x22 ./Common/Src/system_stm32h7xx_dualcore_boot_cm4_cm7.o
 .debug_macro   0x0000000000000dfd       0x8e ./Common/Src/system_stm32h7xx_dualcore_boot_cm4_cm7.o
 .debug_macro   0x0000000000000e8b       0x51 ./Common/Src/system_stm32h7xx_dualcore_boot_cm4_cm7.o
 .debug_macro   0x0000000000000edc      0x103 ./Common/Src/system_stm32h7xx_dualcore_boot_cm4_cm7.o
 .debug_macro   0x0000000000000fdf       0x6a ./Common/Src/system_stm32h7xx_dualcore_boot_cm4_cm7.o
 .debug_macro   0x0000000000001049      0x1df ./Common/Src/system_stm32h7xx_dualcore_boot_cm4_cm7.o
 .debug_macro   0x0000000000001228       0x1c ./Common/Src/system_stm32h7xx_dualcore_boot_cm4_cm7.o
 .debug_macro   0x0000000000001244       0x22 ./Common/Src/system_stm32h7xx_dualcore_boot_cm4_cm7.o
 .debug_macro   0x0000000000001266      0x101 ./Common/Src/system_stm32h7xx_dualcore_boot_cm4_cm7.o
 .debug_macro   0x0000000000001367     0x1011 ./Common/Src/system_stm32h7xx_dualcore_boot_cm4_cm7.o
 .debug_macro   0x0000000000002378      0x11f ./Common/Src/system_stm32h7xx_dualcore_boot_cm4_cm7.o
 .debug_macro   0x0000000000002497    0x26ec8 ./Common/Src/system_stm32h7xx_dualcore_boot_cm4_cm7.o
 .debug_macro   0x000000000002935f       0x43 ./Common/Src/system_stm32h7xx_dualcore_boot_cm4_cm7.o
 .debug_macro   0x00000000000293a2      0x23e ./Common/Src/system_stm32h7xx_dualcore_boot_cm4_cm7.o
 .debug_macro   0x00000000000295e0     0x3cd3 ./Common/Src/system_stm32h7xx_dualcore_boot_cm4_cm7.o
 .debug_macro   0x000000000002d2b3      0x174 ./Common/Src/system_stm32h7xx_dualcore_boot_cm4_cm7.o
 .debug_macro   0x000000000002d427       0x52 ./Common/Src/system_stm32h7xx_dualcore_boot_cm4_cm7.o
 .debug_macro   0x000000000002d479       0x18 ./Common/Src/system_stm32h7xx_dualcore_boot_cm4_cm7.o
 .debug_macro   0x000000000002d491       0x3c ./Common/Src/system_stm32h7xx_dualcore_boot_cm4_cm7.o
 .debug_macro   0x000000000002d4cd       0x34 ./Common/Src/system_stm32h7xx_dualcore_boot_cm4_cm7.o
 .debug_macro   0x000000000002d501       0x16 ./Common/Src/system_stm32h7xx_dualcore_boot_cm4_cm7.o
 .debug_macro   0x000000000002d517       0x43 ./Common/Src/system_stm32h7xx_dualcore_boot_cm4_cm7.o
 .debug_macro   0x000000000002d55a       0x34 ./Common/Src/system_stm32h7xx_dualcore_boot_cm4_cm7.o
 .debug_macro   0x000000000002d58e       0x10 ./Common/Src/system_stm32h7xx_dualcore_boot_cm4_cm7.o
 .debug_macro   0x000000000002d59e       0x58 ./Common/Src/system_stm32h7xx_dualcore_boot_cm4_cm7.o
 .debug_macro   0x000000000002d5f6       0x71 ./Common/Src/system_stm32h7xx_dualcore_boot_cm4_cm7.o
 .debug_macro   0x000000000002d667       0x1c ./Common/Src/system_stm32h7xx_dualcore_boot_cm4_cm7.o
 .debug_macro   0x000000000002d683      0x12a ./Common/Src/system_stm32h7xx_dualcore_boot_cm4_cm7.o
 .debug_macro   0x000000000002d7ad      0x333 ./Common/Src/system_stm32h7xx_dualcore_boot_cm4_cm7.o
 .debug_macro   0x000000000002dae0      0x1a9 ./Common/Src/system_stm32h7xx_dualcore_boot_cm4_cm7.o
 .debug_macro   0x000000000002dc89       0x5d ./Common/Src/system_stm32h7xx_dualcore_boot_cm4_cm7.o
 .debug_macro   0x000000000002dce6     0x3b99 ./Common/Src/system_stm32h7xx_dualcore_boot_cm4_cm7.o
 .debug_macro   0x000000000003187f     0x1048 ./Common/Src/system_stm32h7xx_dualcore_boot_cm4_cm7.o
 .debug_macro   0x00000000000328c7      0x14d ./Common/Src/system_stm32h7xx_dualcore_boot_cm4_cm7.o
 .debug_macro   0x0000000000032a14      0x133 ./Common/Src/system_stm32h7xx_dualcore_boot_cm4_cm7.o
 .debug_macro   0x0000000000032b47      0x3be ./Common/Src/system_stm32h7xx_dualcore_boot_cm4_cm7.o
 .debug_macro   0x0000000000032f05       0x27 ./Common/Src/system_stm32h7xx_dualcore_boot_cm4_cm7.o
 .debug_macro   0x0000000000032f2c      0x72d ./Common/Src/system_stm32h7xx_dualcore_boot_cm4_cm7.o
 .debug_macro   0x0000000000033659      0x229 ./Common/Src/system_stm32h7xx_dualcore_boot_cm4_cm7.o
 .debug_macro   0x0000000000033882       0x66 ./Common/Src/system_stm32h7xx_dualcore_boot_cm4_cm7.o
 .debug_macro   0x00000000000338e8      0x3bb ./Common/Src/system_stm32h7xx_dualcore_boot_cm4_cm7.o
 .debug_macro   0x0000000000033ca3      0xa6e ./Common/Src/system_stm32h7xx_dualcore_boot_cm4_cm7.o
 .debug_macro   0x0000000000034711      0x129 ./Common/Src/system_stm32h7xx_dualcore_boot_cm4_cm7.o
 .debug_macro   0x000000000003483a      0x408 ./Common/Src/system_stm32h7xx_dualcore_boot_cm4_cm7.o
 .debug_macro   0x0000000000034c42      0x244 ./Common/Src/system_stm32h7xx_dualcore_boot_cm4_cm7.o
 .debug_macro   0x0000000000034e86      0x3cb ./Common/Src/system_stm32h7xx_dualcore_boot_cm4_cm7.o
 .debug_macro   0x0000000000035251      0x4a2 ./Common/Src/system_stm32h7xx_dualcore_boot_cm4_cm7.o
 .debug_macro   0x00000000000356f3       0x51 ./Common/Src/system_stm32h7xx_dualcore_boot_cm4_cm7.o
 .debug_macro   0x0000000000035744       0x4a ./Common/Src/system_stm32h7xx_dualcore_boot_cm4_cm7.o
 .debug_macro   0x000000000003578e      0x22c ./Common/Src/system_stm32h7xx_dualcore_boot_cm4_cm7.o
 .debug_macro   0x00000000000359ba       0x67 ./Common/Src/system_stm32h7xx_dualcore_boot_cm4_cm7.o
 .debug_macro   0x0000000000035a21       0xa5 ./Common/Src/system_stm32h7xx_dualcore_boot_cm4_cm7.o
 .debug_macro   0x0000000000035ac6      0x219 ./Common/Src/system_stm32h7xx_dualcore_boot_cm4_cm7.o
 .debug_macro   0x0000000000035cdf      0x2eb ./Common/Src/system_stm32h7xx_dualcore_boot_cm4_cm7.o
 .debug_macro   0x0000000000035fca       0x35 ./Common/Src/system_stm32h7xx_dualcore_boot_cm4_cm7.o
 .debug_macro   0x0000000000035fff      0xad7 ./Common/Src/system_stm32h7xx_dualcore_boot_cm4_cm7.o
 .debug_macro   0x0000000000036ad6      0x2a0 ./Common/Src/system_stm32h7xx_dualcore_boot_cm4_cm7.o
 .debug_macro   0x0000000000036d76      0x67e ./Common/Src/system_stm32h7xx_dualcore_boot_cm4_cm7.o
 .debug_macro   0x00000000000373f4       0xa6 ./Common/Src/system_stm32h7xx_dualcore_boot_cm4_cm7.o
 .debug_macro   0x000000000003749a      0x798 ./Common/Src/system_stm32h7xx_dualcore_boot_cm4_cm7.o
 .debug_macro   0x0000000000037c32      0x315 ./Core/Src/main.o
 .debug_macro   0x0000000000037f47       0x28 ./Core/Src/main.o
 .debug_macro   0x0000000000037f6f       0x16 ./Core/Src/main.o
 .debug_macro   0x0000000000037f85       0x35 ./Core/Src/main.o
 .debug_macro   0x0000000000037fba       0x20 ./Core/Src/main.o
 .debug_macro   0x0000000000037fda      0x2cd ./Core/Src/stm32h7xx_hal_msp.o
 .debug_macro   0x00000000000382a7      0x2d7 ./Core/Src/stm32h7xx_it.o
 .debug_macro   0x000000000003857e      0x2e8 ./Drivers/STM32H7xx_HAL_Driver/stm32h7xx_hal.o
 .debug_macro   0x0000000000038866      0x2be ./Drivers/STM32H7xx_HAL_Driver/stm32h7xx_hal_cortex.o
 .debug_macro   0x0000000000038b24      0x312 ./Drivers/STM32H7xx_HAL_Driver/stm32h7xx_hal_dma.o
 .debug_macro   0x0000000000038e36      0x308 ./Drivers/STM32H7xx_HAL_Driver/stm32h7xx_hal_gpio.o
 .debug_macro   0x000000000003913e      0x2d0 ./Drivers/STM32H7xx_HAL_Driver/stm32h7xx_hal_hsem.o
 .debug_macro   0x000000000003940e      0x2f7 ./Drivers/STM32H7xx_HAL_Driver/stm32h7xx_hal_pwr_ex.o
 .debug_macro   0x0000000000039705      0x2e2 ./Drivers/STM32H7xx_HAL_Driver/stm32h7xx_hal_rcc.o
 .debug_macro   0x00000000000399e7      0x2bf ./Drivers/STM32H7xx_HAL_Driver/stm32h7xx_hal_tim.o
 .debug_macro   0x0000000000039ca6      0x2be ./Drivers/STM32H7xx_HAL_Driver/stm32h7xx_hal_tim_ex.o

.debug_line     0x0000000000000000    0x10e1b
 .debug_line    0x0000000000000000      0xa65 ./Common/Src/system_stm32h7xx_dualcore_boot_cm4_cm7.o
 .debug_line    0x0000000000000a65      0xef9 ./Core/Src/main.o
 .debug_line    0x000000000000195e      0xa02 ./Core/Src/stm32h7xx_hal_msp.o
 .debug_line    0x0000000000002360      0x9b7 ./Core/Src/stm32h7xx_it.o
 .debug_line    0x0000000000002d17       0x88 ./Core/Startup/startup_stm32h755zitx.o
 .debug_line    0x0000000000002d9f     0x1021 ./Drivers/STM32H7xx_HAL_Driver/stm32h7xx_hal.o
 .debug_line    0x0000000000003dc0      0xed1 ./Drivers/STM32H7xx_HAL_Driver/stm32h7xx_hal_cortex.o
 .debug_line    0x0000000000004c91     0x27fd ./Drivers/STM32H7xx_HAL_Driver/stm32h7xx_hal_dma.o
 .debug_line    0x000000000000748e      0xd8c ./Drivers/STM32H7xx_HAL_Driver/stm32h7xx_hal_gpio.o
 .debug_line    0x000000000000821a      0xa81 ./Drivers/STM32H7xx_HAL_Driver/stm32h7xx_hal_hsem.o
 .debug_line    0x0000000000008c9b     0x10ec ./Drivers/STM32H7xx_HAL_Driver/stm32h7xx_hal_pwr_ex.o
 .debug_line    0x0000000000009d87     0x140b ./Drivers/STM32H7xx_HAL_Driver/stm32h7xx_hal_rcc.o
 .debug_line    0x000000000000b192     0x3e8f ./Drivers/STM32H7xx_HAL_Driver/stm32h7xx_hal_tim.o
 .debug_line    0x000000000000f021     0x1dfa ./Drivers/STM32H7xx_HAL_Driver/stm32h7xx_hal_tim_ex.o

.debug_str      0x0000000000000000   0x187d47
 .debug_str     0x0000000000000000   0x18209f ./Common/Src/system_stm32h7xx_dualcore_boot_cm4_cm7.o
                                     0x1825c6 (size before relaxing)
 .debug_str     0x000000000018209f     0x1d61 ./Core/Src/main.o
                                     0x1843ec (size before relaxing)
 .debug_str     0x0000000000183e00      0x3d0 ./Core/Src/stm32h7xx_hal_msp.o
                                     0x1839b7 (size before relaxing)
 .debug_str     0x00000000001841d0       0xd5 ./Core/Src/stm32h7xx_it.o
                                     0x1826a8 (size before relaxing)
 .debug_str     0x00000000001842a5       0x36 ./Core/Startup/startup_stm32h755zitx.o
                                         0x78 (size before relaxing)
 .debug_str     0x00000000001842db      0x9f7 ./Drivers/STM32H7xx_HAL_Driver/stm32h7xx_hal.o
                                     0x183837 (size before relaxing)
 .debug_str     0x0000000000184cd2      0x3d9 ./Drivers/STM32H7xx_HAL_Driver/stm32h7xx_hal_cortex.o
                                     0x18308a (size before relaxing)
 .debug_str     0x00000000001850ab      0x8c0 ./Drivers/STM32H7xx_HAL_Driver/stm32h7xx_hal_dma.o
                                     0x182ee9 (size before relaxing)
 .debug_str     0x000000000018596b      0x269 ./Drivers/STM32H7xx_HAL_Driver/stm32h7xx_hal_gpio.o
                                     0x182900 (size before relaxing)
 .debug_str     0x0000000000185bd4      0x1f6 ./Drivers/STM32H7xx_HAL_Driver/stm32h7xx_hal_hsem.o
                                     0x1824ca (size before relaxing)
 .debug_str     0x0000000000185dca      0x6f0 ./Drivers/STM32H7xx_HAL_Driver/stm32h7xx_hal_pwr_ex.o
                                     0x182c4f (size before relaxing)
 .debug_str     0x00000000001864ba      0x553 ./Drivers/STM32H7xx_HAL_Driver/stm32h7xx_hal_rcc.o
                                     0x182b2c (size before relaxing)
 .debug_str     0x0000000000186a0d      0xdbd ./Drivers/STM32H7xx_HAL_Driver/stm32h7xx_hal_tim.o
                                     0x183848 (size before relaxing)
 .debug_str     0x00000000001877ca      0x57d ./Drivers/STM32H7xx_HAL_Driver/stm32h7xx_hal_tim_ex.o
                                     0x183135 (size before relaxing)

.comment        0x0000000000000000       0x53
 .comment       0x0000000000000000       0x53 ./Common/Src/system_stm32h7xx_dualcore_boot_cm4_cm7.o
                                         0x54 (size before relaxing)
 .comment       0x0000000000000053       0x54 ./Core/Src/main.o
 .comment       0x0000000000000053       0x54 ./Core/Src/stm32h7xx_hal_msp.o
 .comment       0x0000000000000053       0x54 ./Core/Src/stm32h7xx_it.o
 .comment       0x0000000000000053       0x54 ./Drivers/STM32H7xx_HAL_Driver/stm32h7xx_hal.o
 .comment       0x0000000000000053       0x54 ./Drivers/STM32H7xx_HAL_Driver/stm32h7xx_hal_cortex.o
 .comment       0x0000000000000053       0x54 ./Drivers/STM32H7xx_HAL_Driver/stm32h7xx_hal_dma.o
 .comment       0x0000000000000053       0x54 ./Drivers/STM32H7xx_HAL_Driver/stm32h7xx_hal_gpio.o
 .comment       0x0000000000000053       0x54 ./Drivers/STM32H7xx_HAL_Driver/stm32h7xx_hal_hsem.o
 .comment       0x0000000000000053       0x54 ./Drivers/STM32H7xx_HAL_Driver/stm32h7xx_hal_pwr_ex.o
 .comment       0x0000000000000053       0x54 ./Drivers/STM32H7xx_HAL_Driver/stm32h7xx_hal_rcc.o
 .comment       0x0000000000000053       0x54 ./Drivers/STM32H7xx_HAL_Driver/stm32h7xx_hal_tim.o
 .comment       0x0000000000000053       0x54 ./Drivers/STM32H7xx_HAL_Driver/stm32h7xx_hal_tim_ex.o

.debug_frame    0x0000000000000000     0x38bc
 .debug_frame   0x0000000000000000       0x58 ./Common/Src/system_stm32h7xx_dualcore_boot_cm4_cm7.o
 .debug_frame   0x0000000000000058      0x228 ./Core/Src/main.o
 .debug_frame   0x0000000000000280      0x140 ./Core/Src/stm32h7xx_hal_msp.o
 .debug_frame   0x00000000000003c0      0x120 ./Core/Src/stm32h7xx_it.o
 .debug_frame   0x00000000000004e0      0x848 ./Drivers/STM32H7xx_HAL_Driver/stm32h7xx_hal.o
 .debug_frame   0x0000000000000d28      0x4b8 ./Drivers/STM32H7xx_HAL_Driver/stm32h7xx_hal_cortex.o
 .debug_frame   0x00000000000011e0      0x2b4 ./Drivers/STM32H7xx_HAL_Driver/stm32h7xx_hal_dma.o
 .debug_frame   0x0000000000001494      0x14c ./Drivers/STM32H7xx_HAL_Driver/stm32h7xx_hal_gpio.o
 .debug_frame   0x00000000000015e0      0x1bc ./Drivers/STM32H7xx_HAL_Driver/stm32h7xx_hal_hsem.o
 .debug_frame   0x000000000000179c      0x5ec ./Drivers/STM32H7xx_HAL_Driver/stm32h7xx_hal_pwr_ex.o
 .debug_frame   0x0000000000001d88      0x1f8 ./Drivers/STM32H7xx_HAL_Driver/stm32h7xx_hal_rcc.o
 .debug_frame   0x0000000000001f80     0x1218 ./Drivers/STM32H7xx_HAL_Driver/stm32h7xx_hal_tim.o
 .debug_frame   0x0000000000003198      0x6d8 ./Drivers/STM32H7xx_HAL_Driver/stm32h7xx_hal_tim_ex.o
 .debug_frame   0x0000000000003870       0x2c /run/media/tim/Festplatte2/Dokumente/STM32CubeIDE/plugins/com.st.stm32cube.ide.mcu.externaltools.gnu-tools-for-stm32.9-2020-q2-update.linux64_2.0.0.202105311346/tools/bin/../lib/gcc/arm-none-eabi/9.3.1/../../../../arm-none-eabi/lib/thumb/v7e-m+fp/hard/libc_nano.a(lib_a-init.o)
 .debug_frame   0x000000000000389c       0x20 /run/media/tim/Festplatte2/Dokumente/STM32CubeIDE/plugins/com.st.stm32cube.ide.mcu.externaltools.gnu-tools-for-stm32.9-2020-q2-update.linux64_2.0.0.202105311346/tools/bin/../lib/gcc/arm-none-eabi/9.3.1/../../../../arm-none-eabi/lib/thumb/v7e-m+fp/hard/libc_nano.a(lib_a-memset.o)
