main.c:105:6:HAL_TIM_PWM_PulseFinishedCallback	16	static
main.c:111:6:Set_LED	24	static
main.c:121:6:Set_Brightness	16	static
main.c:142:6:send	32	static
main.c:154:6:WS2812_Send	32	static
main.c:193:6:Reset_LED	16	static
main.c:209:9:rainbow_effect_left	32	static
main.c:246:9:rainbow_effect_right	32	static
main.c:285:5:main	16	static
main.c:352:6:MX_ETH_Init	8	static
main.c:401:13:MX_TIM1_Init	112	static
main.c:481:6:MX_USART3_UART_Init	8	static
main.c:527:13:MX_DMA_Init	16	static
main.c:545:13:MX_GPIO_Init	32	static
main.c:572:6:Error_Handler	4	static,ignoring_inline_asm
